[INFO] Scanning for projects...
[INFO] 
[INFO] --------------------------< com:kpitracking >---------------------------
[INFO] Building KPI_Tracking 0.0.1-SNAPSHOT
[INFO]   from pom.xml
[INFO] --------------------------------[ jar ]---------------------------------
[INFO] 
[INFO] --- clean:3.3.2:clean (default-clean) @ kpitracking ---
[INFO] Deleting D:\Antigravity\Project\kpi-tracking\backend\target
[INFO] 
[INFO] --- resources:3.3.1:resources (default-resources) @ kpitracking ---
[INFO] Copying 2 resources from src\main\resources to target\classes
[INFO] Copying 8 resources from src\main\resources to target\classes
[INFO] 
[INFO] --- compiler:3.13.0:compile (default-compile) @ kpitracking ---
[INFO] Recompiling the module because of changed source code.
[INFO] Compiling 289 source files with javac [debug parameters release 17] to target\classes
[INFO] Some messages have been simplified; recompile with -Xdiags:verbose to get full output
[INFO] -------------------------------------------------------------
[ERROR] COMPILATION ERROR : 
[INFO] -------------------------------------------------------------
[ERROR] /D:/Antigravity/Project/kpi-tracking/backend/src/main/java/com/kpitracking/repository/KpiCriteriaRepository.java:[142,5] org.springframework.data.jpa.repository.Query is not a repeatable annotation interface
[ERROR] /D:/Antigravity/Project/kpi-tracking/backend/src/main/java/com/kpitracking/security/JwtAuthenticationFilter.java:[65,13] cannot find symbol
  symbol:   variable log
  location: class com.kpitracking.security.JwtAuthenticationFilter
[ERROR] /D:/Antigravity/Project/kpi-tracking/backend/src/main/java/com/kpitracking/security/JwtTokenProvider.java:[38,51] cannot find symbol
  symbol:   method getAccessTokenExpiry()
  location: variable jwtConfig of type com.kpitracking.config.JwtConfig
[ERROR] /D:/Antigravity/Project/kpi-tracking/backend/src/main/java/com/kpitracking/security/JwtTokenProvider.java:[75,13] cannot find symbol
  symbol:   variable log
  location: class com.kpitracking.security.JwtTokenProvider
[ERROR] /D:/Antigravity/Project/kpi-tracking/backend/src/main/java/com/kpitracking/security/JwtTokenProvider.java:[97,59] cannot find symbol
  symbol:   method getSecret()
  location: variable jwtConfig of type com.kpitracking.config.JwtConfig
[ERROR] /D:/Antigravity/Project/kpi-tracking/backend/src/main/java/com/kpitracking/config/WebSocketConfig.java:[60,29] cannot find symbol
  symbol: variable log
[ERROR] /D:/Antigravity/Project/kpi-tracking/backend/src/main/java/com/kpitracking/config/WebSocketConfig.java:[62,29] cannot find symbol
  symbol: variable log
[ERROR] /D:/Antigravity/Project/kpi-tracking/backend/src/main/java/com/kpitracking/constant/EvaluationConstants.java:[21,9] constructor DefaultLevel in class com.kpitracking.constant.EvaluationConstants.DefaultLevel cannot be applied to given types;
  required: no arguments
  found:    java.lang.String,double,java.lang.String
  reason: actual and formal argument lists differ in length
[ERROR] /D:/Antigravity/Project/kpi-tracking/backend/src/main/java/com/kpitracking/constant/EvaluationConstants.java:[22,9] constructor DefaultLevel in class com.kpitracking.constant.EvaluationConstants.DefaultLevel cannot be applied to given types;
  required: no arguments
  found:    java.lang.String,double,java.lang.String
  reason: actual and formal argument lists differ in length
[ERROR] /D:/Antigravity/Project/kpi-tracking/backend/src/main/java/com/kpitracking/constant/EvaluationConstants.java:[23,9] constructor DefaultLevel in class com.kpitracking.constant.EvaluationConstants.DefaultLevel cannot be applied to given types;
  required: no arguments
  found:    java.lang.String,double,java.lang.String
  reason: actual and formal argument lists differ in length
[ERROR] /D:/Antigravity/Project/kpi-tracking/backend/src/main/java/com/kpitracking/constant/EvaluationConstants.java:[24,9] constructor DefaultLevel in class com.kpitracking.constant.EvaluationConstants.DefaultLevel cannot be applied to given types;
  required: no arguments
  found:    java.lang.String,double,java.lang.String
  reason: actual and formal argument lists differ in length
[ERROR] /D:/Antigravity/Project/kpi-tracking/backend/src/main/java/com/kpitracking/constant/EvaluationConstants.java:[25,9] constructor DefaultLevel in class com.kpitracking.constant.EvaluationConstants.DefaultLevel cannot be applied to given types;
  required: no arguments
  found:    java.lang.String,double,java.lang.String
  reason: actual and formal argument lists differ in length
[ERROR] /D:/Antigravity/Project/kpi-tracking/backend/src/main/java/com/kpitracking/controller/AiController.java:[29,57] cannot find symbol
  symbol:   method getMessage()
  location: variable request of type com.kpitracking.dto.request.ai.AiChatRequest
[ERROR] /D:/Antigravity/Project/kpi-tracking/backend/src/main/java/com/kpitracking/controller/AiController.java:[30,49] cannot find symbol
  symbol:   method builder()
  location: class com.kpitracking.dto.response.ai.AiChatResponse
[ERROR] /D:/Antigravity/Project/kpi-tracking/backend/src/main/java/com/kpitracking/controller/AiController.java:[38,61] cannot find symbol
  symbol:   method getMessage()
  location: variable request of type com.kpitracking.dto.request.ai.AiChatRequest
[ERROR] /D:/Antigravity/Project/kpi-tracking/backend/src/main/java/com/kpitracking/controller/AiController.java:[39,49] cannot find symbol
  symbol:   method builder()
  location: class com.kpitracking.dto.response.ai.AiChatResponse
[ERROR] /D:/Antigravity/Project/kpi-tracking/backend/src/main/java/com/kpitracking/service/AiService.java:[62,9] cannot find symbol
  symbol:   variable log
  location: class com.kpitracking.service.AiService
[ERROR] /D:/Antigravity/Project/kpi-tracking/backend/src/main/java/com/kpitracking/service/AiService.java:[76,9] cannot find symbol
  symbol:   variable log
  location: class com.kpitracking.service.AiService
[ERROR] /D:/Antigravity/Project/kpi-tracking/backend/src/main/java/com/kpitracking/service/AiService.java:[93,9] cannot find symbol
  symbol:   variable log
  location: class com.kpitracking.service.AiService
[ERROR] /D:/Antigravity/Project/kpi-tracking/backend/src/main/java/com/kpitracking/service/AiService.java:[106,13] cannot find symbol
  symbol:   variable log
  location: class com.kpitracking.service.AiService
[ERROR] /D:/Antigravity/Project/kpi-tracking/backend/src/main/java/com/kpitracking/service/AiService.java:[110,13] cannot find symbol
  symbol:   variable log
  location: class com.kpitracking.service.AiService
[ERROR] /D:/Antigravity/Project/kpi-tracking/backend/src/main/java/com/kpitracking/service/AiService.java:[134,13] cannot find symbol
  symbol:   variable log
  location: class com.kpitracking.service.AiService
[ERROR] /D:/Antigravity/Project/kpi-tracking/backend/src/main/java/com/kpitracking/service/AiService.java:[145,92] cannot find symbol
  symbol:   method getId()
  location: variable user of type com.kpitracking.entity.User
[ERROR] /D:/Antigravity/Project/kpi-tracking/backend/src/main/java/com/kpitracking/service/AiService.java:[149,38] cannot find symbol
  symbol:   method getOrgUnit()
  location: class com.kpitracking.entity.UserRoleOrgUnit
[ERROR] /D:/Antigravity/Project/kpi-tracking/backend/src/main/java/com/kpitracking/service/AiService.java:[151,13] cannot find symbol
  symbol:   variable log
  location: class com.kpitracking.service.AiService
[ERROR] /D:/Antigravity/Project/kpi-tracking/backend/src/main/java/com/kpitracking/service/AiService.java:[162,92] cannot find symbol
  symbol:   method getId()
  location: variable user of type com.kpitracking.entity.User
[ERROR] /D:/Antigravity/Project/kpi-tracking/backend/src/main/java/com/kpitracking/service/AiService.java:[166,38] cannot find symbol
  symbol:   method getOrgUnit()
  location: class com.kpitracking.entity.UserRoleOrgUnit
[ERROR] /D:/Antigravity/Project/kpi-tracking/backend/src/main/java/com/kpitracking/service/AiService.java:[168,13] cannot find symbol
  symbol:   variable log
  location: class com.kpitracking.service.AiService
[ERROR] /D:/Antigravity/Project/kpi-tracking/backend/src/main/java/com/kpitracking/dto/response/ApiResponse.java:[18,27] cannot find symbol
  symbol:   method <T>builder()
  location: class com.kpitracking.dto.response.ApiResponse
[ERROR] /D:/Antigravity/Project/kpi-tracking/backend/src/main/java/com/kpitracking/dto/response/ApiResponse.java:[26,27] cannot find symbol
  symbol:   method <T>builder()
  location: class com.kpitracking.dto.response.ApiResponse
[ERROR] /D:/Antigravity/Project/kpi-tracking/backend/src/main/java/com/kpitracking/dto/response/ApiResponse.java:[35,27] cannot find symbol
  symbol:   method <T>builder()
  location: class com.kpitracking.dto.response.ApiResponse
[ERROR] /D:/Antigravity/Project/kpi-tracking/backend/src/main/java/com/kpitracking/dto/response/ApiResponse.java:[43,27] cannot find symbol
  symbol:   method <T>builder()
  location: class com.kpitracking.dto.response.ApiResponse
[ERROR] /D:/Antigravity/Project/kpi-tracking/backend/src/main/java/com/kpitracking/tool/OrgStatisticTool.java:[62,13] cannot find symbol
  symbol:   variable log
  location: class com.kpitracking.tool.OrgStatisticTool
[ERROR] /D:/Antigravity/Project/kpi-tracking/backend/src/main/java/com/kpitracking/tool/OrgStatisticTool.java:[89,13] cannot find symbol
  symbol:   variable log
  location: class com.kpitracking.tool.OrgStatisticTool
[ERROR] /D:/Antigravity/Project/kpi-tracking/backend/src/main/java/com/kpitracking/tool/OrgStatisticTool.java:[128,13] cannot find symbol
  symbol:   variable log
  location: class com.kpitracking.tool.OrgStatisticTool
[ERROR] /D:/Antigravity/Project/kpi-tracking/backend/src/main/java/com/kpitracking/tool/OrgStatisticTool.java:[169,13] cannot find symbol
  symbol:   variable log
  location: class com.kpitracking.tool.OrgStatisticTool
[ERROR] /D:/Antigravity/Project/kpi-tracking/backend/src/main/java/com/kpitracking/tool/OrgStatisticTool.java:[220,13] cannot find symbol
  symbol:   variable log
  location: class com.kpitracking.tool.OrgStatisticTool
[ERROR] /D:/Antigravity/Project/kpi-tracking/backend/src/main/java/com/kpitracking/tool/OrgStatisticTool.java:[251,13] cannot find symbol
  symbol:   variable log
  location: class com.kpitracking.tool.OrgStatisticTool
[ERROR] /D:/Antigravity/Project/kpi-tracking/backend/src/main/java/com/kpitracking/tool/OrgStatisticTool.java:[274,13] cannot find symbol
  symbol:   variable log
  location: class com.kpitracking.tool.OrgStatisticTool
[ERROR] /D:/Antigravity/Project/kpi-tracking/backend/src/main/java/com/kpitracking/tool/OrgStatisticTool.java:[304,13] cannot find symbol
  symbol:   variable log
  location: class com.kpitracking.tool.OrgStatisticTool
[ERROR] /D:/Antigravity/Project/kpi-tracking/backend/src/main/java/com/kpitracking/tool/OrgStatisticTool.java:[338,13] cannot find symbol
  symbol:   variable log
  location: class com.kpitracking.tool.OrgStatisticTool
[ERROR] /D:/Antigravity/Project/kpi-tracking/backend/src/main/java/com/kpitracking/tool/OrgStatisticTool.java:[372,13] cannot find symbol
  symbol:   variable log
  location: class com.kpitracking.tool.OrgStatisticTool
[ERROR] /D:/Antigravity/Project/kpi-tracking/backend/src/main/java/com/kpitracking/tool/OrgStatisticTool.java:[416,13] cannot find symbol
  symbol:   variable log
  location: class com.kpitracking.tool.OrgStatisticTool
[ERROR] /D:/Antigravity/Project/kpi-tracking/backend/src/main/java/com/kpitracking/tool/OrgStatisticTool.java:[441,13] cannot find symbol
  symbol:   variable log
  location: class com.kpitracking.tool.OrgStatisticTool
[ERROR] /D:/Antigravity/Project/kpi-tracking/backend/src/main/java/com/kpitracking/tool/OrgStatisticTool.java:[475,13] cannot find symbol
  symbol:   variable log
  location: class com.kpitracking.tool.OrgStatisticTool
[ERROR] /D:/Antigravity/Project/kpi-tracking/backend/src/main/java/com/kpitracking/tool/OrgStatisticTool.java:[551,13] cannot find symbol
  symbol:   variable log
  location: class com.kpitracking.tool.OrgStatisticTool
[ERROR] /D:/Antigravity/Project/kpi-tracking/backend/src/main/java/com/kpitracking/tool/OrgUnitStatisticTool.java:[47,13] cannot find symbol
  symbol:   variable log
  location: class com.kpitracking.tool.OrgUnitStatisticTool
[ERROR] /D:/Antigravity/Project/kpi-tracking/backend/src/main/java/com/kpitracking/tool/OrgUnitStatisticTool.java:[54,20] cannot find symbol
  symbol:   method getPath()
  location: variable unit of type com.kpitracking.entity.OrgUnit
[ERROR] /D:/Antigravity/Project/kpi-tracking/backend/src/main/java/com/kpitracking/tool/OrgUnitStatisticTool.java:[97,92] cannot find symbol
  symbol:   method getId()
  location: variable user of type com.kpitracking.entity.User
[ERROR] /D:/Antigravity/Project/kpi-tracking/backend/src/main/java/com/kpitracking/tool/OrgUnitStatisticTool.java:[100,38] cannot find symbol
  symbol:   method getOrgUnit()
  location: class com.kpitracking.entity.UserRoleOrgUnit
[ERROR] /D:/Antigravity/Project/kpi-tracking/backend/src/main/java/com/kpitracking/tool/OrgUnitStatisticTool.java:[102,13] cannot find symbol
  symbol:   variable log
  location: class com.kpitracking.tool.OrgUnitStatisticTool
[ERROR] /D:/Antigravity/Project/kpi-tracking/backend/src/main/java/com/kpitracking/tool/OrgUnitStatisticTool.java:[113,92] cannot find symbol
  symbol:   method getId()
  location: variable user of type com.kpitracking.entity.User
[ERROR] /D:/Antigravity/Project/kpi-tracking/backend/src/main/java/com/kpitracking/tool/OrgUnitStatisticTool.java:[116,38] cannot find symbol
  symbol:   method getOrgUnit()
  location: class com.kpitracking.entity.UserRoleOrgUnit
[ERROR] /D:/Antigravity/Project/kpi-tracking/backend/src/main/java/com/kpitracking/tool/OrgUnitStatisticTool.java:[118,13] cannot find symbol
  symbol:   variable log
  location: class com.kpitracking.tool.OrgUnitStatisticTool
[ERROR] /D:/Antigravity/Project/kpi-tracking/backend/src/main/java/com/kpitracking/tool/OrgUnitStatisticTool.java:[157,34] cannot find symbol
  symbol:   method getId()
  location: variable u of type com.kpitracking.entity.OrgUnit
[ERROR] /D:/Antigravity/Project/kpi-tracking/backend/src/main/java/com/kpitracking/tool/OrgUnitStatisticTool.java:[158,36] cannot find symbol
  symbol:   method getName()
  location: variable u of type com.kpitracking.entity.OrgUnit
[ERROR] /D:/Antigravity/Project/kpi-tracking/backend/src/main/java/com/kpitracking/tool/OrgUnitStatisticTool.java:[159,36] cannot find symbol
  symbol:   method getCode()
  location: variable u of type com.kpitracking.entity.OrgUnit
[ERROR] /D:/Antigravity/Project/kpi-tracking/backend/src/main/java/com/kpitracking/tool/OrgUnitStatisticTool.java:[160,40] cannot find symbol
  symbol:   method getParent()
  location: variable u of type com.kpitracking.entity.OrgUnit
[ERROR] /D:/Antigravity/Project/kpi-tracking/backend/src/main/java/com/kpitracking/tool/OrgUnitStatisticTool.java:[160,64] cannot find symbol
  symbol:   method getParent()
  location: variable u of type com.kpitracking.entity.OrgUnit
[ERROR] /D:/Antigravity/Project/kpi-tracking/backend/src/main/java/com/kpitracking/tool/OrgUnitStatisticTool.java:[161,42] cannot find symbol
  symbol:   method getChildren()
  location: variable u of type com.kpitracking.entity.OrgUnit
[ERROR] /D:/Antigravity/Project/kpi-tracking/backend/src/main/java/com/kpitracking/tool/OrgUnitStatisticTool.java:[162,100] cannot find symbol
  symbol:   method getId()
  location: variable u of type com.kpitracking.entity.OrgUnit
[ERROR] /D:/Antigravity/Project/kpi-tracking/backend/src/main/java/com/kpitracking/tool/OrgUnitStatisticTool.java:[163,38] cannot find symbol
  symbol:   method getStatus()
  location: variable u of type com.kpitracking.entity.OrgUnit
[ERROR] /D:/Antigravity/Project/kpi-tracking/backend/src/main/java/com/kpitracking/tool/OrgUnitStatisticTool.java:[173,13] cannot find symbol
  symbol:   variable log
  location: class com.kpitracking.tool.OrgUnitStatisticTool
[ERROR] /D:/Antigravity/Project/kpi-tracking/backend/src/main/java/com/kpitracking/tool/OrgUnitStatisticTool.java:[194,38] cannot find symbol
  symbol:   method getUser()
  location: variable m of type com.kpitracking.entity.UserRoleOrgUnit
[ERROR] /D:/Antigravity/Project/kpi-tracking/backend/src/main/java/com/kpitracking/tool/OrgUnitStatisticTool.java:[195,40] cannot find symbol
  symbol:   method getUser()
  location: variable m of type com.kpitracking.entity.UserRoleOrgUnit
[ERROR] /D:/Antigravity/Project/kpi-tracking/backend/src/main/java/com/kpitracking/tool/OrgUnitStatisticTool.java:[196,37] cannot find symbol
  symbol:   method getUser()
  location: variable m of type com.kpitracking.entity.UserRoleOrgUnit
[ERROR] /D:/Antigravity/Project/kpi-tracking/backend/src/main/java/com/kpitracking/tool/OrgUnitStatisticTool.java:[201,31] cannot find symbol
  symbol:   method getId()
  location: variable u of type com.kpitracking.entity.OrgUnit
[ERROR] /D:/Antigravity/Project/kpi-tracking/backend/src/main/java/com/kpitracking/tool/OrgUnitStatisticTool.java:[202,33] cannot find symbol
  symbol:   method getName()
  location: variable u of type com.kpitracking.entity.OrgUnit
[ERROR] /D:/Antigravity/Project/kpi-tracking/backend/src/main/java/com/kpitracking/tool/OrgUnitStatisticTool.java:[203,33] cannot find symbol
  symbol:   method getCode()
  location: variable u of type com.kpitracking.entity.OrgUnit
[ERROR] /D:/Antigravity/Project/kpi-tracking/backend/src/main/java/com/kpitracking/tool/OrgUnitStatisticTool.java:[204,37] cannot find symbol
  symbol:   method getParent()
  location: variable u of type com.kpitracking.entity.OrgUnit
[ERROR] /D:/Antigravity/Project/kpi-tracking/backend/src/main/java/com/kpitracking/tool/OrgUnitStatisticTool.java:[204,61] cannot find symbol
  symbol:   method getParent()
  location: variable u of type com.kpitracking.entity.OrgUnit
[ERROR] /D:/Antigravity/Project/kpi-tracking/backend/src/main/java/com/kpitracking/tool/OrgUnitStatisticTool.java:[205,39] cannot find symbol
  symbol:   method getParent()
  location: variable u of type com.kpitracking.entity.OrgUnit
[ERROR] /D:/Antigravity/Project/kpi-tracking/backend/src/main/java/com/kpitracking/tool/OrgUnitStatisticTool.java:[205,63] cannot find symbol
  symbol:   method getParent()
  location: variable u of type com.kpitracking.entity.OrgUnit
[ERROR] /D:/Antigravity/Project/kpi-tracking/backend/src/main/java/com/kpitracking/tool/OrgUnitStatisticTool.java:[206,39] cannot find symbol
  symbol:   method getChildren()
  location: variable u of type com.kpitracking.entity.OrgUnit
[ERROR] /D:/Antigravity/Project/kpi-tracking/backend/src/main/java/com/kpitracking/tool/OrgUnitStatisticTool.java:[209,34] cannot find symbol
  symbol:   method getEmail()
  location: variable u of type com.kpitracking.entity.OrgUnit
[ERROR] /D:/Antigravity/Project/kpi-tracking/backend/src/main/java/com/kpitracking/tool/OrgUnitStatisticTool.java:[210,34] cannot find symbol
  symbol:   method getPhone()
  location: variable u of type com.kpitracking.entity.OrgUnit
[ERROR] /D:/Antigravity/Project/kpi-tracking/backend/src/main/java/com/kpitracking/tool/OrgUnitStatisticTool.java:[211,36] cannot find symbol
  symbol:   method getAddress()
  location: variable u of type com.kpitracking.entity.OrgUnit
[ERROR] /D:/Antigravity/Project/kpi-tracking/backend/src/main/java/com/kpitracking/tool/OrgUnitStatisticTool.java:[212,35] cannot find symbol
  symbol:   method getStatus()
  location: variable u of type com.kpitracking.entity.OrgUnit
[ERROR] /D:/Antigravity/Project/kpi-tracking/backend/src/main/java/com/kpitracking/tool/OrgUnitStatisticTool.java:[216,13] cannot find symbol
  symbol:   variable log
  location: class com.kpitracking.tool.OrgUnitStatisticTool
[ERROR] /D:/Antigravity/Project/kpi-tracking/backend/src/main/java/com/kpitracking/tool/OrgUnitStatisticTool.java:[270,34] cannot find symbol
  symbol:   method getId()
  location: variable u of type com.kpitracking.entity.OrgUnit
[ERROR] /D:/Antigravity/Project/kpi-tracking/backend/src/main/java/com/kpitracking/tool/OrgUnitStatisticTool.java:[271,36] cannot find symbol
  symbol:   method getName()
  location: variable u of type com.kpitracking.entity.OrgUnit
[ERROR] /D:/Antigravity/Project/kpi-tracking/backend/src/main/java/com/kpitracking/tool/OrgUnitStatisticTool.java:[272,36] cannot find symbol
  symbol:   method getCode()
  location: variable u of type com.kpitracking.entity.OrgUnit
[ERROR] /D:/Antigravity/Project/kpi-tracking/backend/src/main/java/com/kpitracking/tool/OrgUnitStatisticTool.java:[273,40] cannot find symbol
  symbol:   method getParent()
  location: variable u of type com.kpitracking.entity.OrgUnit
[ERROR] /D:/Antigravity/Project/kpi-tracking/backend/src/main/java/com/kpitracking/tool/OrgUnitStatisticTool.java:[273,64] cannot find symbol
  symbol:   method getParent()
  location: variable u of type com.kpitracking.entity.OrgUnit
[ERROR] /D:/Antigravity/Project/kpi-tracking/backend/src/main/java/com/kpitracking/tool/OrgUnitStatisticTool.java:[274,42] cannot find symbol
  symbol:   method getChildren()
  location: variable u of type com.kpitracking.entity.OrgUnit
[ERROR] /D:/Antigravity/Project/kpi-tracking/backend/src/main/java/com/kpitracking/tool/OrgUnitStatisticTool.java:[275,100] cannot find symbol
  symbol:   method getId()
  location: variable u of type com.kpitracking.entity.OrgUnit
[ERROR] /D:/Antigravity/Project/kpi-tracking/backend/src/main/java/com/kpitracking/tool/OrgUnitStatisticTool.java:[276,38] cannot find symbol
  symbol:   method getStatus()
  location: variable u of type com.kpitracking.entity.OrgUnit
[ERROR] /D:/Antigravity/Project/kpi-tracking/backend/src/main/java/com/kpitracking/tool/OrgUnitStatisticTool.java:[288,13] cannot find symbol
  symbol:   variable log
  location: class com.kpitracking.tool.OrgUnitStatisticTool
[ERROR] /D:/Antigravity/Project/kpi-tracking/backend/src/main/java/com/kpitracking/tool/OrgUnitStatisticTool.java:[358,40] cannot find symbol
  symbol:   method getUser()
  location: variable uro of type com.kpitracking.entity.UserRoleOrgUnit
[ERROR] /D:/Antigravity/Project/kpi-tracking/backend/src/main/java/com/kpitracking/tool/OrgUnitStatisticTool.java:[359,42] cannot find symbol
  symbol:   method getUser()
  location: variable uro of type com.kpitracking.entity.UserRoleOrgUnit
[ERROR] /D:/Antigravity/Project/kpi-tracking/backend/src/main/java/com/kpitracking/tool/OrgUnitStatisticTool.java:[360,39] cannot find symbol
  symbol:   method getUser()
  location: variable uro of type com.kpitracking.entity.UserRoleOrgUnit
[ERROR] /D:/Antigravity/Project/kpi-tracking/backend/src/main/java/com/kpitracking/tool/OrgUnitStatisticTool.java:[361,46] cannot find symbol
  symbol:   method getUser()
  location: variable uro of type com.kpitracking.entity.UserRoleOrgUnit
[ERROR] /D:/Antigravity/Project/kpi-tracking/backend/src/main/java/com/kpitracking/tool/OrgUnitStatisticTool.java:[362,43] cannot find symbol
  symbol:   method getOrgUnit()
  location: variable uro of type com.kpitracking.entity.UserRoleOrgUnit
[ERROR] /D:/Antigravity/Project/kpi-tracking/backend/src/main/java/com/kpitracking/tool/OrgUnitStatisticTool.java:[363,45] cannot find symbol
  symbol:   method getOrgUnit()
  location: variable uro of type com.kpitracking.entity.UserRoleOrgUnit
[ERROR] /D:/Antigravity/Project/kpi-tracking/backend/src/main/java/com/kpitracking/tool/OrgUnitStatisticTool.java:[364,44] cannot find symbol
  symbol:   method getRole()
  location: variable uro of type com.kpitracking.entity.UserRoleOrgUnit
[ERROR] /D:/Antigravity/Project/kpi-tracking/backend/src/main/java/com/kpitracking/tool/OrgUnitStatisticTool.java:[365,46] cannot find symbol
  symbol:   method getRole()
  location: variable uro of type com.kpitracking.entity.UserRoleOrgUnit
[ERROR] /D:/Antigravity/Project/kpi-tracking/backend/src/main/java/com/kpitracking/tool/OrgUnitStatisticTool.java:[366,40] cannot find symbol
  symbol:   method getUser()
  location: variable uro of type com.kpitracking.entity.UserRoleOrgUnit
[ERROR] /D:/Antigravity/Project/kpi-tracking/backend/src/main/java/com/kpitracking/tool/OrgUnitStatisticTool.java:[378,13] cannot find symbol
  symbol:   variable log
  location: class com.kpitracking.tool.OrgUnitStatisticTool
[ERROR] /D:/Antigravity/Project/kpi-tracking/backend/src/main/java/com/kpitracking/tool/OrgUnitStatisticTool.java:[493,13] cannot find symbol
  symbol:   variable log
  location: class com.kpitracking.tool.OrgUnitStatisticTool
[ERROR] /D:/Antigravity/Project/kpi-tracking/backend/src/main/java/com/kpitracking/tool/OrgUnitStatisticTool.java:[514,36] cannot find symbol
  symbol:   method getId()
  location: variable user of type com.kpitracking.entity.User
[INFO] 100 errors 
[INFO] -------------------------------------------------------------
[INFO] ------------------------------------------------------------------------
[INFO] BUILD FAILURE
[INFO] ------------------------------------------------------------------------
[INFO] Total time:  13.002 s
[INFO] Finished at: 2026-05-30T09:49:50+07:00
[INFO] ------------------------------------------------------------------------
[ERROR] Failed to execute goal org.apache.maven.plugins:maven-compiler-plugin:3.13.0:compile (default-compile) on project kpitracking: Compilation failure: Compilation failure: 
[ERROR] /D:/Antigravity/Project/kpi-tracking/backend/src/main/java/com/kpitracking/repository/KpiCriteriaRepository.java:[142,5] org.springframework.data.jpa.repository.Query is not a repeatable annotation interface
[ERROR] /D:/Antigravity/Project/kpi-tracking/backend/src/main/java/com/kpitracking/security/JwtAuthenticationFilter.java:[65,13] cannot find symbol
[ERROR]   symbol:   variable log
[ERROR]   location: class com.kpitracking.security.JwtAuthenticationFilter
[ERROR] /D:/Antigravity/Project/kpi-tracking/backend/src/main/java/com/kpitracking/security/JwtTokenProvider.java:[38,51] cannot find symbol
[ERROR]   symbol:   method getAccessTokenExpiry()
[ERROR]   location: variable jwtConfig of type com.kpitracking.config.JwtConfig
[ERROR] /D:/Antigravity/Project/kpi-tracking/backend/src/main/java/com/kpitracking/security/JwtTokenProvider.java:[75,13] cannot find symbol
[ERROR]   symbol:   variable log
[ERROR]   location: class com.kpitracking.security.JwtTokenProvider
[ERROR] /D:/Antigravity/Project/kpi-tracking/backend/src/main/java/com/kpitracking/security/JwtTokenProvider.java:[97,59] cannot find symbol
[ERROR]   symbol:   method getSecret()
[ERROR]   location: variable jwtConfig of type com.kpitracking.config.JwtConfig
[ERROR] /D:/Antigravity/Project/kpi-tracking/backend/src/main/java/com/kpitracking/config/WebSocketConfig.java:[60,29] cannot find symbol
[ERROR]   symbol: variable log
[ERROR] /D:/Antigravity/Project/kpi-tracking/backend/src/main/java/com/kpitracking/config/WebSocketConfig.java:[62,29] cannot find symbol
[ERROR]   symbol: variable log
[ERROR] /D:/Antigravity/Project/kpi-tracking/backend/src/main/java/com/kpitracking/constant/EvaluationConstants.java:[21,9] constructor DefaultLevel in class com.kpitracking.constant.EvaluationConstants.DefaultLevel cannot be applied to given types;
[ERROR]   required: no arguments
[ERROR]   found:    java.lang.String,double,java.lang.String
[ERROR]   reason: actual and formal argument lists differ in length
[ERROR] /D:/Antigravity/Project/kpi-tracking/backend/src/main/java/com/kpitracking/constant/EvaluationConstants.java:[22,9] constructor DefaultLevel in class com.kpitracking.constant.EvaluationConstants.DefaultLevel cannot be applied to given types;
[ERROR]   required: no arguments
[ERROR]   found:    java.lang.String,double,java.lang.String
[ERROR]   reason: actual and formal argument lists differ in length
[ERROR] /D:/Antigravity/Project/kpi-tracking/backend/src/main/java/com/kpitracking/constant/EvaluationConstants.java:[23,9] constructor DefaultLevel in class com.kpitracking.constant.EvaluationConstants.DefaultLevel cannot be applied to given types;
[ERROR]   required: no arguments
[ERROR]   found:    java.lang.String,double,java.lang.String
[ERROR]   reason: actual and formal argument lists differ in length
[ERROR] /D:/Antigravity/Project/kpi-tracking/backend/src/main/java/com/kpitracking/constant/EvaluationConstants.java:[24,9] constructor DefaultLevel in class com.kpitracking.constant.EvaluationConstants.DefaultLevel cannot be applied to given types;
[ERROR]   required: no arguments
[ERROR]   found:    java.lang.String,double,java.lang.String
[ERROR]   reason: actual and formal argument lists differ in length
[ERROR] /D:/Antigravity/Project/kpi-tracking/backend/src/main/java/com/kpitracking/constant/EvaluationConstants.java:[25,9] constructor DefaultLevel in class com.kpitracking.constant.EvaluationConstants.DefaultLevel cannot be applied to given types;
[ERROR]   required: no arguments
[ERROR]   found:    java.lang.String,double,java.lang.String
[ERROR]   reason: actual and formal argument lists differ in length
[ERROR] /D:/Antigravity/Project/kpi-tracking/backend/src/main/java/com/kpitracking/controller/AiController.java:[29,57] cannot find symbol
[ERROR]   symbol:   method getMessage()
[ERROR]   location: variable request of type com.kpitracking.dto.request.ai.AiChatRequest
[ERROR] /D:/Antigravity/Project/kpi-tracking/backend/src/main/java/com/kpitracking/controller/AiController.java:[30,49] cannot find symbol
[ERROR]   symbol:   method builder()
[ERROR]   location: class com.kpitracking.dto.response.ai.AiChatResponse
[ERROR] /D:/Antigravity/Project/kpi-tracking/backend/src/main/java/com/kpitracking/controller/AiController.java:[38,61] cannot find symbol
[ERROR]   symbol:   method getMessage()
[ERROR]   location: variable request of type com.kpitracking.dto.request.ai.AiChatRequest
[ERROR] /D:/Antigravity/Project/kpi-tracking/backend/src/main/java/com/kpitracking/controller/AiController.java:[39,49] cannot find symbol
[ERROR]   symbol:   method builder()
[ERROR]   location: class com.kpitracking.dto.response.ai.AiChatResponse
[ERROR] /D:/Antigravity/Project/kpi-tracking/backend/src/main/java/com/kpitracking/service/AiService.java:[62,9] cannot find symbol
[ERROR]   symbol:   variable log
[ERROR]   location: class com.kpitracking.service.AiService
[ERROR] /D:/Antigravity/Project/kpi-tracking/backend/src/main/java/com/kpitracking/service/AiService.java:[76,9] cannot find symbol
[ERROR]   symbol:   variable log
[ERROR]   location: class com.kpitracking.service.AiService
[ERROR] /D:/Antigravity/Project/kpi-tracking/backend/src/main/java/com/kpitracking/service/AiService.java:[93,9] cannot find symbol
[ERROR]   symbol:   variable log
[ERROR]   location: class com.kpitracking.service.AiService
[ERROR] /D:/Antigravity/Project/kpi-tracking/backend/src/main/java/com/kpitracking/service/AiService.java:[106,13] cannot find symbol
[ERROR]   symbol:   variable log
[ERROR]   location: class com.kpitracking.service.AiService
[ERROR] /D:/Antigravity/Project/kpi-tracking/backend/src/main/java/com/kpitracking/service/AiService.java:[110,13] cannot find symbol
[ERROR]   symbol:   variable log
[ERROR]   location: class com.kpitracking.service.AiService
[ERROR] /D:/Antigravity/Project/kpi-tracking/backend/src/main/java/com/kpitracking/service/AiService.java:[134,13] cannot find symbol
[ERROR]   symbol:   variable log
[ERROR]   location: class com.kpitracking.service.AiService
[ERROR] /D:/Antigravity/Project/kpi-tracking/backend/src/main/java/com/kpitracking/service/AiService.java:[145,92] cannot find symbol
[ERROR]   symbol:   method getId()
[ERROR]   location: variable user of type com.kpitracking.entity.User
[ERROR] /D:/Antigravity/Project/kpi-tracking/backend/src/main/java/com/kpitracking/service/AiService.java:[149,38] cannot find symbol
[ERROR]   symbol:   method getOrgUnit()
[ERROR]   location: class com.kpitracking.entity.UserRoleOrgUnit
[ERROR] /D:/Antigravity/Project/kpi-tracking/backend/src/main/java/com/kpitracking/service/AiService.java:[151,13] cannot find symbol
[ERROR]   symbol:   variable log
[ERROR]   location: class com.kpitracking.service.AiService
[ERROR] /D:/Antigravity/Project/kpi-tracking/backend/src/main/java/com/kpitracking/service/AiService.java:[162,92] cannot find symbol
[ERROR]   symbol:   method getId()
[ERROR]   location: variable user of type com.kpitracking.entity.User
[ERROR] /D:/Antigravity/Project/kpi-tracking/backend/src/main/java/com/kpitracking/service/AiService.java:[166,38] cannot find symbol
[ERROR]   symbol:   method getOrgUnit()
[ERROR]   location: class com.kpitracking.entity.UserRoleOrgUnit
[ERROR] /D:/Antigravity/Project/kpi-tracking/backend/src/main/java/com/kpitracking/service/AiService.java:[168,13] cannot find symbol
[ERROR]   symbol:   variable log
[ERROR]   location: class com.kpitracking.service.AiService
[ERROR] /D:/Antigravity/Project/kpi-tracking/backend/src/main/java/com/kpitracking/dto/response/ApiResponse.java:[18,27] cannot find symbol
[ERROR]   symbol:   method <T>builder()
[ERROR]   location: class com.kpitracking.dto.response.ApiResponse
[ERROR] /D:/Antigravity/Project/kpi-tracking/backend/src/main/java/com/kpitracking/dto/response/ApiResponse.java:[26,27] cannot find symbol
[ERROR]   symbol:   method <T>builder()
[ERROR]   location: class com.kpitracking.dto.response.ApiResponse
[ERROR] /D:/Antigravity/Project/kpi-tracking/backend/src/main/java/com/kpitracking/dto/response/ApiResponse.java:[35,27] cannot find symbol
[ERROR]   symbol:   method <T>builder()
[ERROR]   location: class com.kpitracking.dto.response.ApiResponse
[ERROR] /D:/Antigravity/Project/kpi-tracking/backend/src/main/java/com/kpitracking/dto/response/ApiResponse.java:[43,27] cannot find symbol
[ERROR]   symbol:   method <T>builder()
[ERROR]   location: class com.kpitracking.dto.response.ApiResponse
[ERROR] /D:/Antigravity/Project/kpi-tracking/backend/src/main/java/com/kpitracking/tool/OrgStatisticTool.java:[62,13] cannot find symbol
[ERROR]   symbol:   variable log
[ERROR]   location: class com.kpitracking.tool.OrgStatisticTool
[ERROR] /D:/Antigravity/Project/kpi-tracking/backend/src/main/java/com/kpitracking/tool/OrgStatisticTool.java:[89,13] cannot find symbol
[ERROR]   symbol:   variable log
[ERROR]   location: class com.kpitracking.tool.OrgStatisticTool
[ERROR] /D:/Antigravity/Project/kpi-tracking/backend/src/main/java/com/kpitracking/tool/OrgStatisticTool.java:[128,13] cannot find symbol
[ERROR]   symbol:   variable log
[ERROR]   location: class com.kpitracking.tool.OrgStatisticTool
[ERROR] /D:/Antigravity/Project/kpi-tracking/backend/src/main/java/com/kpitracking/tool/OrgStatisticTool.java:[169,13] cannot find symbol
[ERROR]   symbol:   variable log
[ERROR]   location: class com.kpitracking.tool.OrgStatisticTool
[ERROR] /D:/Antigravity/Project/kpi-tracking/backend/src/main/java/com/kpitracking/tool/OrgStatisticTool.java:[220,13] cannot find symbol
[ERROR]   symbol:   variable log
[ERROR]   location: class com.kpitracking.tool.OrgStatisticTool
[ERROR] /D:/Antigravity/Project/kpi-tracking/backend/src/main/java/com/kpitracking/tool/OrgStatisticTool.java:[251,13] cannot find symbol
[ERROR]   symbol:   variable log
[ERROR]   location: class com.kpitracking.tool.OrgStatisticTool
[ERROR] /D:/Antigravity/Project/kpi-tracking/backend/src/main/java/com/kpitracking/tool/OrgStatisticTool.java:[274,13] cannot find symbol
[ERROR]   symbol:   variable log
[ERROR]   location: class com.kpitracking.tool.OrgStatisticTool
[ERROR] /D:/Antigravity/Project/kpi-tracking/backend/src/main/java/com/kpitracking/tool/OrgStatisticTool.java:[304,13] cannot find symbol
[ERROR]   symbol:   variable log
[ERROR]   location: class com.kpitracking.tool.OrgStatisticTool
[ERROR] /D:/Antigravity/Project/kpi-tracking/backend/src/main/java/com/kpitracking/tool/OrgStatisticTool.java:[338,13] cannot find symbol
[ERROR]   symbol:   variable log
[ERROR]   location: class com.kpitracking.tool.OrgStatisticTool
[ERROR] /D:/Antigravity/Project/kpi-tracking/backend/src/main/java/com/kpitracking/tool/OrgStatisticTool.java:[372,13] cannot find symbol
[ERROR]   symbol:   variable log
[ERROR]   location: class com.kpitracking.tool.OrgStatisticTool
[ERROR] /D:/Antigravity/Project/kpi-tracking/backend/src/main/java/com/kpitracking/tool/OrgStatisticTool.java:[416,13] cannot find symbol
[ERROR]   symbol:   variable log
[ERROR]   location: class com.kpitracking.tool.OrgStatisticTool
[ERROR] /D:/Antigravity/Project/kpi-tracking/backend/src/main/java/com/kpitracking/tool/OrgStatisticTool.java:[441,13] cannot find symbol
[ERROR]   symbol:   variable log
[ERROR]   location: class com.kpitracking.tool.OrgStatisticTool
[ERROR] /D:/Antigravity/Project/kpi-tracking/backend/src/main/java/com/kpitracking/tool/OrgStatisticTool.java:[475,13] cannot find symbol
[ERROR]   symbol:   variable log
[ERROR]   location: class com.kpitracking.tool.OrgStatisticTool
[ERROR] /D:/Antigravity/Project/kpi-tracking/backend/src/main/java/com/kpitracking/tool/OrgStatisticTool.java:[551,13] cannot find symbol
[ERROR]   symbol:   variable log
[ERROR]   location: class com.kpitracking.tool.OrgStatisticTool
[ERROR] /D:/Antigravity/Project/kpi-tracking/backend/src/main/java/com/kpitracking/tool/OrgUnitStatisticTool.java:[47,13] cannot find symbol
[ERROR]   symbol:   variable log
[ERROR]   location: class com.kpitracking.tool.OrgUnitStatisticTool
[ERROR] /D:/Antigravity/Project/kpi-tracking/backend/src/main/java/com/kpitracking/tool/OrgUnitStatisticTool.java:[54,20] cannot find symbol
[ERROR]   symbol:   method getPath()
[ERROR]   location: variable unit of type com.kpitracking.entity.OrgUnit
[ERROR] /D:/Antigravity/Project/kpi-tracking/backend/src/main/java/com/kpitracking/tool/OrgUnitStatisticTool.java:[97,92] cannot find symbol
[ERROR]   symbol:   method getId()
[ERROR]   location: variable user of type com.kpitracking.entity.User
[ERROR] /D:/Antigravity/Project/kpi-tracking/backend/src/main/java/com/kpitracking/tool/OrgUnitStatisticTool.java:[100,38] cannot find symbol
[ERROR]   symbol:   method getOrgUnit()
[ERROR]   location: class com.kpitracking.entity.UserRoleOrgUnit
[ERROR] /D:/Antigravity/Project/kpi-tracking/backend/src/main/java/com/kpitracking/tool/OrgUnitStatisticTool.java:[102,13] cannot find symbol
[ERROR]   symbol:   variable log
[ERROR]   location: class com.kpitracking.tool.OrgUnitStatisticTool
[ERROR] /D:/Antigravity/Project/kpi-tracking/backend/src/main/java/com/kpitracking/tool/OrgUnitStatisticTool.java:[113,92] cannot find symbol
[ERROR]   symbol:   method getId()
[ERROR]   location: variable user of type com.kpitracking.entity.User
[ERROR] /D:/Antigravity/Project/kpi-tracking/backend/src/main/java/com/kpitracking/tool/OrgUnitStatisticTool.java:[116,38] cannot find symbol
[ERROR]   symbol:   method getOrgUnit()
[ERROR]   location: class com.kpitracking.entity.UserRoleOrgUnit
[ERROR] /D:/Antigravity/Project/kpi-tracking/backend/src/main/java/com/kpitracking/tool/OrgUnitStatisticTool.java:[118,13] cannot find symbol
[ERROR]   symbol:   variable log
[ERROR]   location: class com.kpitracking.tool.OrgUnitStatisticTool
[ERROR] /D:/Antigravity/Project/kpi-tracking/backend/src/main/java/com/kpitracking/tool/OrgUnitStatisticTool.java:[157,34] cannot find symbol
[ERROR]   symbol:   method getId()
[ERROR]   location: variable u of type com.kpitracking.entity.OrgUnit
[ERROR] /D:/Antigravity/Project/kpi-tracking/backend/src/main/java/com/kpitracking/tool/OrgUnitStatisticTool.java:[158,36] cannot find symbol
[ERROR]   symbol:   method getName()
[ERROR]   location: variable u of type com.kpitracking.entity.OrgUnit
[ERROR] /D:/Antigravity/Project/kpi-tracking/backend/src/main/java/com/kpitracking/tool/OrgUnitStatisticTool.java:[159,36] cannot find symbol
[ERROR]   symbol:   method getCode()
[ERROR]   location: variable u of type com.kpitracking.entity.OrgUnit
[ERROR] /D:/Antigravity/Project/kpi-tracking/backend/src/main/java/com/kpitracking/tool/OrgUnitStatisticTool.java:[160,40] cannot find symbol
[ERROR]   symbol:   method getParent()
[ERROR]   location: variable u of type com.kpitracking.entity.OrgUnit
[ERROR] /D:/Antigravity/Project/kpi-tracking/backend/src/main/java/com/kpitracking/tool/OrgUnitStatisticTool.java:[160,64] cannot find symbol
[ERROR]   symbol:   method getParent()
[ERROR]   location: variable u of type com.kpitracking.entity.OrgUnit
[ERROR] /D:/Antigravity/Project/kpi-tracking/backend/src/main/java/com/kpitracking/tool/OrgUnitStatisticTool.java:[161,42] cannot find symbol
[ERROR]   symbol:   method getChildren()
[ERROR]   location: variable u of type com.kpitracking.entity.OrgUnit
[ERROR] /D:/Antigravity/Project/kpi-tracking/backend/src/main/java/com/kpitracking/tool/OrgUnitStatisticTool.java:[162,100] cannot find symbol
[ERROR]   symbol:   method getId()
[ERROR]   location: variable u of type com.kpitracking.entity.OrgUnit
[ERROR] /D:/Antigravity/Project/kpi-tracking/backend/src/main/java/com/kpitracking/tool/OrgUnitStatisticTool.java:[163,38] cannot find symbol
[ERROR]   symbol:   method getStatus()
[ERROR]   location: variable u of type com.kpitracking.entity.OrgUnit
[ERROR] /D:/Antigravity/Project/kpi-tracking/backend/src/main/java/com/kpitracking/tool/OrgUnitStatisticTool.java:[173,13] cannot find symbol
[ERROR]   symbol:   variable log
[ERROR]   location: class com.kpitracking.tool.OrgUnitStatisticTool
[ERROR] /D:/Antigravity/Project/kpi-tracking/backend/src/main/java/com/kpitracking/tool/OrgUnitStatisticTool.java:[194,38] cannot find symbol
[ERROR]   symbol:   method getUser()
[ERROR]   location: variable m of type com.kpitracking.entity.UserRoleOrgUnit
[ERROR] /D:/Antigravity/Project/kpi-tracking/backend/src/main/java/com/kpitracking/tool/OrgUnitStatisticTool.java:[195,40] cannot find symbol
[ERROR]   symbol:   method getUser()
[ERROR]   location: variable m of type com.kpitracking.entity.UserRoleOrgUnit
[ERROR] /D:/Antigravity/Project/kpi-tracking/backend/src/main/java/com/kpitracking/tool/OrgUnitStatisticTool.java:[196,37] cannot find symbol
[ERROR]   symbol:   method getUser()
[ERROR]   location: variable m of type com.kpitracking.entity.UserRoleOrgUnit
[ERROR] /D:/Antigravity/Project/kpi-tracking/backend/src/main/java/com/kpitracking/tool/OrgUnitStatisticTool.java:[201,31] cannot find symbol
[ERROR]   symbol:   method getId()
[ERROR]   location: variable u of type com.kpitracking.entity.OrgUnit
[ERROR] /D:/Antigravity/Project/kpi-tracking/backend/src/main/java/com/kpitracking/tool/OrgUnitStatisticTool.java:[202,33] cannot find symbol
[ERROR]   symbol:   method getName()
[ERROR]   location: variable u of type com.kpitracking.entity.OrgUnit
[ERROR] /D:/Antigravity/Project/kpi-tracking/backend/src/main/java/com/kpitracking/tool/OrgUnitStatisticTool.java:[203,33] cannot find symbol
[ERROR]   symbol:   method getCode()
[ERROR]   location: variable u of type com.kpitracking.entity.OrgUnit
[ERROR] /D:/Antigravity/Project/kpi-tracking/backend/src/main/java/com/kpitracking/tool/OrgUnitStatisticTool.java:[204,37] cannot find symbol
[ERROR]   symbol:   method getParent()
[ERROR]   location: variable u of type com.kpitracking.entity.OrgUnit
[ERROR] /D:/Antigravity/Project/kpi-tracking/backend/src/main/java/com/kpitracking/tool/OrgUnitStatisticTool.java:[204,61] cannot find symbol
[ERROR]   symbol:   method getParent()
[ERROR]   location: variable u of type com.kpitracking.entity.OrgUnit
[ERROR] /D:/Antigravity/Project/kpi-tracking/backend/src/main/java/com/kpitracking/tool/OrgUnitStatisticTool.java:[205,39] cannot find symbol
[ERROR]   symbol:   method getParent()
[ERROR]   location: variable u of type com.kpitracking.entity.OrgUnit
[ERROR] /D:/Antigravity/Project/kpi-tracking/backend/src/main/java/com/kpitracking/tool/OrgUnitStatisticTool.java:[205,63] cannot find symbol
[ERROR]   symbol:   method getParent()
[ERROR]   location: variable u of type com.kpitracking.entity.OrgUnit
[ERROR] /D:/Antigravity/Project/kpi-tracking/backend/src/main/java/com/kpitracking/tool/OrgUnitStatisticTool.java:[206,39] cannot find symbol
[ERROR]   symbol:   method getChildren()
[ERROR]   location: variable u of type com.kpitracking.entity.OrgUnit
[ERROR] /D:/Antigravity/Project/kpi-tracking/backend/src/main/java/com/kpitracking/tool/OrgUnitStatisticTool.java:[209,34] cannot find symbol
[ERROR]   symbol:   method getEmail()
[ERROR]   location: variable u of type com.kpitracking.entity.OrgUnit
[ERROR] /D:/Antigravity/Project/kpi-tracking/backend/src/main/java/com/kpitracking/tool/OrgUnitStatisticTool.java:[210,34] cannot find symbol
[ERROR]   symbol:   method getPhone()
[ERROR]   location: variable u of type com.kpitracking.entity.OrgUnit
[ERROR] /D:/Antigravity/Project/kpi-tracking/backend/src/main/java/com/kpitracking/tool/OrgUnitStatisticTool.java:[211,36] cannot find symbol
[ERROR]   symbol:   method getAddress()
[ERROR]   location: variable u of type com.kpitracking.entity.OrgUnit
[ERROR] /D:/Antigravity/Project/kpi-tracking/backend/src/main/java/com/kpitracking/tool/OrgUnitStatisticTool.java:[212,35] cannot find symbol
[ERROR]   symbol:   method getStatus()
[ERROR]   location: variable u of type com.kpitracking.entity.OrgUnit
[ERROR] /D:/Antigravity/Project/kpi-tracking/backend/src/main/java/com/kpitracking/tool/OrgUnitStatisticTool.java:[216,13] cannot find symbol
[ERROR]   symbol:   variable log
[ERROR]   location: class com.kpitracking.tool.OrgUnitStatisticTool
[ERROR] /D:/Antigravity/Project/kpi-tracking/backend/src/main/java/com/kpitracking/tool/OrgUnitStatisticTool.java:[270,34] cannot find symbol
[ERROR]   symbol:   method getId()
[ERROR]   location: variable u of type com.kpitracking.entity.OrgUnit
[ERROR] /D:/Antigravity/Project/kpi-tracking/backend/src/main/java/com/kpitracking/tool/OrgUnitStatisticTool.java:[271,36] cannot find symbol
[ERROR]   symbol:   method getName()
[ERROR]   location: variable u of type com.kpitracking.entity.OrgUnit
[ERROR] /D:/Antigravity/Project/kpi-tracking/backend/src/main/java/com/kpitracking/tool/OrgUnitStatisticTool.java:[272,36] cannot find symbol
[ERROR]   symbol:   method getCode()
[ERROR]   location: variable u of type com.kpitracking.entity.OrgUnit
[ERROR] /D:/Antigravity/Project/kpi-tracking/backend/src/main/java/com/kpitracking/tool/OrgUnitStatisticTool.java:[273,40] cannot find symbol
[ERROR]   symbol:   method getParent()
[ERROR]   location: variable u of type com.kpitracking.entity.OrgUnit
[ERROR] /D:/Antigravity/Project/kpi-tracking/backend/src/main/java/com/kpitracking/tool/OrgUnitStatisticTool.java:[273,64] cannot find symbol
[ERROR]   symbol:   method getParent()
[ERROR]   location: variable u of type com.kpitracking.entity.OrgUnit
[ERROR] /D:/Antigravity/Project/kpi-tracking/backend/src/main/java/com/kpitracking/tool/OrgUnitStatisticTool.java:[274,42] cannot find symbol
[ERROR]   symbol:   method getChildren()
[ERROR]   location: variable u of type com.kpitracking.entity.OrgUnit
[ERROR] /D:/Antigravity/Project/kpi-tracking/backend/src/main/java/com/kpitracking/tool/OrgUnitStatisticTool.java:[275,100] cannot find symbol
[ERROR]   symbol:   method getId()
[ERROR]   location: variable u of type com.kpitracking.entity.OrgUnit
[ERROR] /D:/Antigravity/Project/kpi-tracking/backend/src/main/java/com/kpitracking/tool/OrgUnitStatisticTool.java:[276,38] cannot find symbol
[ERROR]   symbol:   method getStatus()
[ERROR]   location: variable u of type com.kpitracking.entity.OrgUnit
[ERROR] /D:/Antigravity/Project/kpi-tracking/backend/src/main/java/com/kpitracking/tool/OrgUnitStatisticTool.java:[288,13] cannot find symbol
[ERROR]   symbol:   variable log
[ERROR]   location: class com.kpitracking.tool.OrgUnitStatisticTool
[ERROR] /D:/Antigravity/Project/kpi-tracking/backend/src/main/java/com/kpitracking/tool/OrgUnitStatisticTool.java:[358,40] cannot find symbol
[ERROR]   symbol:   method getUser()
[ERROR]   location: variable uro of type com.kpitracking.entity.UserRoleOrgUnit
[ERROR] /D:/Antigravity/Project/kpi-tracking/backend/src/main/java/com/kpitracking/tool/OrgUnitStatisticTool.java:[359,42] cannot find symbol
[ERROR]   symbol:   method getUser()
[ERROR]   location: variable uro of type com.kpitracking.entity.UserRoleOrgUnit
[ERROR] /D:/Antigravity/Project/kpi-tracking/backend/src/main/java/com/kpitracking/tool/OrgUnitStatisticTool.java:[360,39] cannot find symbol
[ERROR]   symbol:   method getUser()
[ERROR]   location: variable uro of type com.kpitracking.entity.UserRoleOrgUnit
[ERROR] /D:/Antigravity/Project/kpi-tracking/backend/src/main/java/com/kpitracking/tool/OrgUnitStatisticTool.java:[361,46] cannot find symbol
[ERROR]   symbol:   method getUser()
[ERROR]   location: variable uro of type com.kpitracking.entity.UserRoleOrgUnit
[ERROR] /D:/Antigravity/Project/kpi-tracking/backend/src/main/java/com/kpitracking/tool/OrgUnitStatisticTool.java:[362,43] cannot find symbol
[ERROR]   symbol:   method getOrgUnit()
[ERROR]   location: variable uro of type com.kpitracking.entity.UserRoleOrgUnit
[ERROR] /D:/Antigravity/Project/kpi-tracking/backend/src/main/java/com/kpitracking/tool/OrgUnitStatisticTool.java:[363,45] cannot find symbol
[ERROR]   symbol:   method getOrgUnit()
[ERROR]   location: variable uro of type com.kpitracking.entity.UserRoleOrgUnit
[ERROR] /D:/Antigravity/Project/kpi-tracking/backend/src/main/java/com/kpitracking/tool/OrgUnitStatisticTool.java:[364,44] cannot find symbol
[ERROR]   symbol:   method getRole()
[ERROR]   location: variable uro of type com.kpitracking.entity.UserRoleOrgUnit
[ERROR] /D:/Antigravity/Project/kpi-tracking/backend/src/main/java/com/kpitracking/tool/OrgUnitStatisticTool.java:[365,46] cannot find symbol
[ERROR]   symbol:   method getRole()
[ERROR]   location: variable uro of type com.kpitracking.entity.UserRoleOrgUnit
[ERROR] /D:/Antigravity/Project/kpi-tracking/backend/src/main/java/com/kpitracking/tool/OrgUnitStatisticTool.java:[366,40] cannot find symbol
[ERROR]   symbol:   method getUser()
[ERROR]   location: variable uro of type com.kpitracking.entity.UserRoleOrgUnit
[ERROR] /D:/Antigravity/Project/kpi-tracking/backend/src/main/java/com/kpitracking/tool/OrgUnitStatisticTool.java:[378,13] cannot find symbol
[ERROR]   symbol:   variable log
[ERROR]   location: class com.kpitracking.tool.OrgUnitStatisticTool
[ERROR] /D:/Antigravity/Project/kpi-tracking/backend/src/main/java/com/kpitracking/tool/OrgUnitStatisticTool.java:[493,13] cannot find symbol
[ERROR]   symbol:   variable log
[ERROR]   location: class com.kpitracking.tool.OrgUnitStatisticTool
[ERROR] /D:/Antigravity/Project/kpi-tracking/backend/src/main/java/com/kpitracking/tool/OrgUnitStatisticTool.java:[514,36] cannot find symbol
[ERROR]   symbol:   method getId()
[ERROR]   location: variable user of type com.kpitracking.entity.User
[ERROR] -> [Help 1]
[ERROR] 
[ERROR] To see the full stack trace of the errors, re-run Maven with the -e switch.
[ERROR] Re-run Maven using the -X switch to enable full debug logging.
[ERROR] 
[ERROR] For more information about the errors and possible solutions, please read the following articles:
[ERROR] [Help 1] http://cwiki.apache.org/confluence/display/MAVEN/MojoFailureException
